// Jest Snapshot v1, https://goo.gl/fbAQLP

exports[`when Rockets page is rendered 1`] = `
<div
  className="rockets-container mt-4"
/>
`;
